collector_self_test: PASS (0x7fc00000 rejected)
run_details_contract_test: PASS (completed SMU => done)
shape_manifest: N24/D64 and N16/D128 selected before formal collection
PLAN ONLY: no simulator or build command was executed
{
  "git": {
    "clean_before_run": false,
    "commit": "9d9bd0a0c0f11b023c525ca909d7ed38afb13bac",
    "diff_stat": "sw/spatzBenchmarks/native-online-attention/main.c | 58 +++++++++++++----------\n 1 file changed, 34 insertions(+), 24 deletions(-)",
    "phase4_dirty_entries": [],
    "status_short": [
      "M sw/spatzBenchmarks/native-online-attention/main.c",
      "?? experiments/phase6_integrated_cost_generality/"
    ]
  },
  "new_shapes": [
    {
      "d": 64,
      "n": 24,
      "seed": 1,
      "tile_size": 4
    },
    {
      "d": 128,
      "n": 16,
      "seed": 1,
      "tile_size": 4
    }
  ],
  "shape_manifest_sha256": "ca4c3bfd6c90abdbae838006b31cb78495a9cc6ef0cb51168f3ae04244713b07"
}
