P4_RESULT {"status":"pass","n":16,"d":64,"seed":1,"mode":3,"smu_d":16,"stride":64,"scales_bits":{"sX":998309340,"sWQ":989921091,"sWK":989921299,"sWV":989921695,"sQ":1008301977,"sK":1007978204,"sV":1011080651,"sScore":926028794},"maxabs_bits":{"X":1056962497},"maxabs":{"Q":153528,"K":148582,"V":195930},"linear":{"Q":{"mae_bits":993042897,"stable_relative_error_bits":1008547236,"cosine_similarity_bits":1065353216},"K":{"mae_bits":993052155,"stable_relative_error_bits":1009072378,"cosine_similarity_bits":1065353214},"V":{"mae_bits":995413566,"stable_relative_error_bits":1011208079,"cosine_similarity_bits":1065353214},"saturation_count":{"Q":1,"K":1,"V":1}},"score":{"mae_bits":983715330,"stable_relative_error_bits":1012913433,"cosine_similarity_bits":1065353215},"probability":{"vs_ref":{"mae_bits":973042908,"stable_relative_error_bits":1006597340,"cosine_similarity_bits":1065353217},"integration_vs_host_mixed":{"mae_bits":0,"stable_relative_error_bits":0,"cosine_similarity_bits":1065353215}},"output":{"vs_ref":{"mae_bits":981869016,"stable_relative_error_bits":1014855133,"cosine_similarity_bits":1065353216},"integration_vs_host_mixed":{"mae_bits":837079076,"stable_relative_error_bits":869812752,"cosine_similarity_bits":1065353215}},"smu":{"commands":15,"done":15,"error":0,"timeout":0,"saw_busy":1},"cycles":{"x_maxabs_scale":11309,"x_quant":68290,"q_linear":2043041,"k_linear":2043061,"v_linear":2043055,"q_requant":90847,"k_requant":90813,"v_requant":90859,"qkt":281354,"score_rescale":5432,"smu_scalar_window":24193,"smu_probability_update":14127,"smu_setup_orchestration":10173,"smu_total":48493,"pv":303911,"output_rescale":14393,"total":7135023},"tcdm":{"data_bytes":34304,"allocation_bytes":34304,"runtime_reserved_bytes":16512,"memory_footprint_bytes":50816,"capacity_bytes":131072}}
quantized-attention PASS
[SUCCESS] Program finished successfully
OM_SIM_CONFIG {"schema_version":1,"profile":"low_perturbation","dasm_trace_enabled":false,"fsm_observer_enabled":true}
Loading entry point: 80000000
OM_FSM {"schema_version":1,"invocation":0,"N":16,"D":16,"mode":3,"terminal_state":"DONE","load_scalar_cycles":209,"compute_scalar_cycles":16,"compute_weight_cycles":48,"store_scalar_cycles":144,"update_vector_cycles":0,"busy_cycles":417}
OM_FSM {"schema_version":1,"invocation":1,"N":16,"D":16,"mode":3,"terminal_state":"DONE","load_scalar_cycles":209,"compute_scalar_cycles":16,"compute_weight_cycles":48,"store_scalar_cycles":144,"update_vector_cycles":0,"busy_cycles":417}
OM_FSM {"schema_version":1,"invocation":2,"N":16,"D":16,"mode":3,"terminal_state":"DONE","load_scalar_cycles":209,"compute_scalar_cycles":16,"compute_weight_cycles":48,"store_scalar_cycles":144,"update_vector_cycles":0,"busy_cycles":417}
OM_FSM {"schema_version":1,"invocation":3,"N":16,"D":16,"mode":3,"terminal_state":"DONE","load_scalar_cycles":209,"compute_scalar_cycles":16,"compute_weight_cycles":48,"store_scalar_cycles":144,"update_vector_cycles":0,"busy_cycles":417}
OM_FSM {"schema_version":1,"invocation":4,"N":16,"D":16,"mode":3,"terminal_state":"DONE","load_scalar_cycles":209,"compute_scalar_cycles":16,"compute_weight_cycles":48,"store_scalar_cycles":144,"update_vector_cycles":0,"busy_cycles":417}
OM_FSM {"schema_version":1,"invocation":5,"N":16,"D":16,"mode":3,"terminal_state":"DONE","load_scalar_cycles":209,"compute_scalar_cycles":16,"compute_weight_cycles":48,"store_scalar_cycles":144,"update_vector_cycles":0,"busy_cycles":417}
OM_FSM {"schema_version":1,"invocation":6,"N":16,"D":16,"mode":3,"terminal_state":"DONE","load_scalar_cycles":209,"compute_scalar_cycles":16,"compute_weight_cycles":48,"store_scalar_cycles":144,"update_vector_cycles":0,"busy_cycles":417}
OM_FSM {"schema_version":1,"invocation":7,"N":16,"D":16,"mode":3,"terminal_state":"DONE","load_scalar_cycles":209,"compute_scalar_cycles":16,"compute_weight_cycles":48,"store_scalar_cycles":144,"update_vector_cycles":0,"busy_cycles":417}
OM_FSM {"schema_version":1,"invocation":8,"N":16,"D":16,"mode":3,"terminal_state":"DONE","load_scalar_cycles":209,"compute_scalar_cycles":16,"compute_weight_cycles":48,"store_scalar_cycles":144,"update_vector_cycles":0,"busy_cycles":417}
OM_FSM {"schema_version":1,"invocation":9,"N":16,"D":16,"mode":3,"terminal_state":"DONE","load_scalar_cycles":209,"compute_scalar_cycles":16,"compute_weight_cycles":48,"store_scalar_cycles":144,"update_vector_cycles":0,"busy_cycles":417}
OM_FSM {"schema_version":1,"invocation":10,"N":16,"D":16,"mode":3,"terminal_state":"DONE","load_scalar_cycles":209,"compute_scalar_cycles":16,"compute_weight_cycles":48,"store_scalar_cycles":144,"update_vector_cycles":0,"busy_cycles":417}
OM_FSM {"schema_version":1,"invocation":11,"N":16,"D":16,"mode":3,"terminal_state":"DONE","load_scalar_cycles":209,"compute_scalar_cycles":16,"compute_weight_cycles":48,"store_scalar_cycles":144,"update_vector_cycles":0,"busy_cycles":417}
OM_FSM {"schema_version":1,"invocation":12,"N":16,"D":16,"mode":3,"terminal_state":"DONE","load_scalar_cycles":209,"compute_scalar_cycles":16,"compute_weight_cycles":48,"store_scalar_cycles":144,"update_vector_cycles":0,"busy_cycles":417}
OM_FSM {"schema_version":1,"invocation":13,"N":16,"D":16,"mode":3,"terminal_state":"DONE","load_scalar_cycles":209,"compute_scalar_cycles":16,"compute_weight_cycles":48,"store_scalar_cycles":144,"update_vector_cycles":0,"busy_cycles":417}
OM_FSM {"schema_version":1,"invocation":14,"N":16,"D":16,"mode":3,"terminal_state":"DONE","load_scalar_cycles":209,"compute_scalar_cycles":16,"compute_weight_cycles":48,"store_scalar_cycles":144,"update_vector_cycles":0,"busy_cycles":417}
