
 /----------------------------------------------------------------------------\
 |  yosys -- Yosys Open SYnthesis Suite                                       |
 |  Copyright (C) 2012 - 2026  Claire Xenia Wolf <claire@yosyshq.com>         |
 |  Distributed under an ISC-like license, type "license" to see terms        |
 \----------------------------------------------------------------------------/
 Yosys 0.66+4 (git sha1 8125af88d, clang++ 18.1.8 -fPIC -O3)

-- Executing script file `elab_bb3.ys' --

1. Executing Liberty frontend: /home/wxt/yosys-sta/pdk/nangate45/lib/Nangate45_typ.lib
Imported 134 cell types from liberty file.

2. Executing SLANG frontend.

3. Executing HIERARCHY pass (managing design hierarchy).

3.1. Analyzing design hierarchy..
Top module:  \spatz_cluster_wrapper

3.2. Analyzing design hierarchy..
Top module:  \spatz_cluster_wrapper
Removed 0 unused modules.

4. Printing statistics.

=== spatz_cluster_wrapper ===

        +----------Local Count, excluding submodules.
        |
   444185 wires
  5009326 wire bits
   132715 public wires
  2315855 public wire bits
       11 ports
     1567 port bits
    22023 processes
   467110 cells
     5834   $add
    17374   $aldff
    25130   $and
     7650   $bmux
   162219   $buf
      510   $bwmux
      434   $demux
      193   $dff
       10   $div
    33568   $dlatch
    35361   $eq
     4439   $ge
      990   $gt
      841   $le
    34909   $logic_and
    29355   $logic_not
     8034   $logic_or
     6402   $lt
     1208   $mul
    31072   $mux
     6704   $ne
      572   $neg
    17167   $not
    19257   $or
      928   $pow
      142   $reduce_and
      207   $reduce_bool
     3823   $reduce_or
        2   $reduce_xor
       12   $shift
      134   $shiftx
     3090   $shl
     2059   $shr
       16   $sshl
       18   $sshr
     4178   $sub
     3248   $xor
       20   tc_sram

5. Executing Verilog backend.
Dumping module `\spatz_cluster_wrapper'.

End of script. Logfile hash: e3d29a72a3, time: 50.13s, user: 16.78s, system: 24.13s, MEM: 2121.05 MB peak
Yosys 0.66+4 (git sha1 8125af88d, clang++ 18.1.8 -fPIC -O3)
Time spent: 47% 2x read_slang (16 sec), 44% 2x write_verilog (15 sec), ...
